# serializer version: 1
# name: test_get_status
  dict({
    'energy_consumption': None,
    'energy_generation': 3636.0,
    'normalized_output': None,
    'power_consumption': None,
    'power_generation': 0.0,
    'reported_date': '20211222',
    'reported_time': '18:00:00',
    'temperature': 21.2,
    'voltage': 220.1,
  })
# ---
# name: test_get_system
  dict({
    'array_tilt': 20.0,
    'install_date': '20180622',
    'inverter_brand': 'SolarEdge SE5000H',
    'inverter_power': 5000.0,
    'inverters': 1.0,
    'latitude': 51.1234,
    'longitude': 6.1234,
    'orientation': 'S',
    'panel_brand': 'JA solar JAM-300',
    'panel_power': 295.0,
    'panels': 17.0,
    'shade': 'Low',
    'status_interval': 5.0,
    'system_name': 'Frenck',
    'system_size': 5015.0,
    'zipcode': 'CO1',
  })
# ---
